
*** crates/win-format/src/lib.rs:164:5: replace brackets_balanced -> bool with true

*** mutation diff:
--- crates/win-format/src/lib.rs
+++ replace brackets_balanced -> bool with true
@@ -156,45 +156,17 @@
     Ok((filename, file_bytes, proof_json.to_string()))
 }
 
 /// Cheap, dependency-free check: the JSON proof section must have
 /// balanced {} and [] brackets. Strings (including escaped quotes) are
 /// skipped. Used by `unpack` to distinguish a cleanly-cut container
 /// from one whose proof tail was truncated.
 fn brackets_balanced(s: &str) -> bool {
-    let mut depth: i64 = 0;
-    let mut in_string = false;
-    let mut escape = false;
-    for b in s.bytes() {
-        if escape {
-            escape = false;
-            continue;
-        }
-        if in_string {
-            match b {
-                b'\\' => escape = true,
-                b'"' => in_string = false,
-                _ => {},
-            }
-            continue;
-        }
-        match b {
-            b'"' => in_string = true,
-            b'{' | b'[' => depth += 1,
-            b'}' | b']' => {
-                depth -= 1;
-                if depth < 0 {
-                    return false;
-                }
-            },
-            _ => {},
-        }
-    }
-    !in_string && depth == 0
+    true /* ~ changed by cargo-mutants ~ */
 }
 
 /// Check if data starts with .win magic bytes.
 pub fn is_win_file(data: &[u8]) -> bool {
     data.len() >= 4 && &data[0..4] == MAGIC
 }
 
 /// Strip path separators from filename.


*** /Users/thekingflame/.rustup/toolchains/stable-aarch64-apple-darwin/bin/cargo test --no-run --verbose --package=win-format@0.1.0
       Dirty win-format v0.1.0 (/private/var/folders/jb/19ss9ry1019f1sz5_2x3dkt80000gn/T/cargo-mutants-WinStack_Network_v1-L8HS8b.tmp/crates/win-format): the file `crates/win-format/src/lib.rs` has changed (1777836094.273535512s, 1s after last build at 1777836093.737800434s)
   Compiling win-format v0.1.0 (/private/var/folders/jb/19ss9ry1019f1sz5_2x3dkt80000gn/T/cargo-mutants-WinStack_Network_v1-L8HS8b.tmp/crates/win-format)
     Running `/Users/thekingflame/.rustup/toolchains/stable-aarch64-apple-darwin/bin/rustc --crate-name win_format --edition=2021 crates/win-format/src/lib.rs --error-format=json --json=diagnostic-rendered-ansi,artifacts,future-incompat --emit=dep-info,link -C embed-bitcode=no -C debuginfo=2 -C split-debuginfo=unpacked --warn=rust_2018_idioms '--warn=clippy::all' '--warn=clippy::verbose_file_reads' --forbid=unsafe_code '--warn=clippy::unimplemented' '--warn=clippy::todo' '--warn=clippy::rest_pat_in_fully_bound_structs' '--warn=clippy::ref_option_ref' '--warn=clippy::path_buf_push_overwrite' '--warn=clippy::needless_borrow' '--warn=clippy::mutex_atomic' '--warn=clippy::mem_forget' '--warn=clippy::lossy_float_literal' '--warn=clippy::get_unwrap' '--warn=clippy::float_cmp_const' '--warn=clippy::filetype_is_file' '--warn=clippy::dbg_macro' --test --check-cfg 'cfg(docsrs,test)' --check-cfg 'cfg(feature, values())' -C metadata=83c514c16b68c3d4 -C extra-filename=-5529ccc54efa790b --out-dir /private/var/folders/jb/19ss9ry1019f1sz5_2x3dkt80000gn/T/cargo-mutants-WinStack_Network_v1-L8HS8b.tmp/target/debug/deps -C incremental=/private/var/folders/jb/19ss9ry1019f1sz5_2x3dkt80000gn/T/cargo-mutants-WinStack_Network_v1-L8HS8b.tmp/target/debug/incremental -L dependency=/private/var/folders/jb/19ss9ry1019f1sz5_2x3dkt80000gn/T/cargo-mutants-WinStack_Network_v1-L8HS8b.tmp/target/debug/deps`
     Running `/Users/thekingflame/.rustup/toolchains/stable-aarch64-apple-darwin/bin/rustc --crate-name win_format --edition=2021 crates/win-format/src/lib.rs --error-format=json --json=diagnostic-rendered-ansi,artifacts,future-incompat --crate-type lib --emit=dep-info,metadata,link -C embed-bitcode=no -C debuginfo=2 -C split-debuginfo=unpacked --warn=rust_2018_idioms '--warn=clippy::all' '--warn=clippy::verbose_file_reads' --forbid=unsafe_code '--warn=clippy::unimplemented' '--warn=clippy::todo' '--warn=clippy::rest_pat_in_fully_bound_structs' '--warn=clippy::ref_option_ref' '--warn=clippy::path_buf_push_overwrite' '--warn=clippy::needless_borrow' '--warn=clippy::mutex_atomic' '--warn=clippy::mem_forget' '--warn=clippy::lossy_float_literal' '--warn=clippy::get_unwrap' '--warn=clippy::float_cmp_const' '--warn=clippy::filetype_is_file' '--warn=clippy::dbg_macro' --check-cfg 'cfg(docsrs,test)' --check-cfg 'cfg(feature, values())' -C metadata=f02034940a548b83 -C extra-filename=-0b2a13ed6987f58a --out-dir /private/var/folders/jb/19ss9ry1019f1sz5_2x3dkt80000gn/T/cargo-mutants-WinStack_Network_v1-L8HS8b.tmp/target/debug/deps -C incremental=/private/var/folders/jb/19ss9ry1019f1sz5_2x3dkt80000gn/T/cargo-mutants-WinStack_Network_v1-L8HS8b.tmp/target/debug/incremental -L dependency=/private/var/folders/jb/19ss9ry1019f1sz5_2x3dkt80000gn/T/cargo-mutants-WinStack_Network_v1-L8HS8b.tmp/target/debug/deps`
warning: unused variable: `s`
   --> crates/win-format/src/lib.rs:163:22
    |
163 | fn brackets_balanced(s: &str) -> bool {
    |                      ^ help: if this is intentional, prefix it with an underscore: `_s`
    |
    = note: `#[warn(unused_variables)]` (part of `#[warn(unused)]`) on by default

warning: `win-format` (lib) generated 1 warning (run `cargo fix --lib -p win-format` to apply 1 suggestion)
     Running `/Users/thekingflame/.rustup/toolchains/stable-aarch64-apple-darwin/bin/rustc --crate-name tamper_grid --edition=2021 crates/win-format/tests/tamper_grid.rs --error-format=json --json=diagnostic-rendered-ansi,artifacts,future-incompat --emit=dep-info,link -C embed-bitcode=no -C debuginfo=2 -C split-debuginfo=unpacked --warn=rust_2018_idioms '--warn=clippy::all' '--warn=clippy::verbose_file_reads' --forbid=unsafe_code '--warn=clippy::unimplemented' '--warn=clippy::todo' '--warn=clippy::rest_pat_in_fully_bound_structs' '--warn=clippy::ref_option_ref' '--warn=clippy::path_buf_push_overwrite' '--warn=clippy::needless_borrow' '--warn=clippy::mutex_atomic' '--warn=clippy::mem_forget' '--warn=clippy::lossy_float_literal' '--warn=clippy::get_unwrap' '--warn=clippy::float_cmp_const' '--warn=clippy::filetype_is_file' '--warn=clippy::dbg_macro' --test --check-cfg 'cfg(docsrs,test)' --check-cfg 'cfg(feature, values())' -C metadata=84f4ab88c10230c6 -C extra-filename=-4e5d5ddf6f091ecd --out-dir /private/var/folders/jb/19ss9ry1019f1sz5_2x3dkt80000gn/T/cargo-mutants-WinStack_Network_v1-L8HS8b.tmp/target/debug/deps -C incremental=/private/var/folders/jb/19ss9ry1019f1sz5_2x3dkt80000gn/T/cargo-mutants-WinStack_Network_v1-L8HS8b.tmp/target/debug/incremental -L dependency=/private/var/folders/jb/19ss9ry1019f1sz5_2x3dkt80000gn/T/cargo-mutants-WinStack_Network_v1-L8HS8b.tmp/target/debug/deps --extern win_format=/private/var/folders/jb/19ss9ry1019f1sz5_2x3dkt80000gn/T/cargo-mutants-WinStack_Network_v1-L8HS8b.tmp/target/debug/deps/libwin_format-0b2a13ed6987f58a.rlib`
     Running `/Users/thekingflame/.rustup/toolchains/stable-aarch64-apple-darwin/bin/rustc --crate-name adversarial_corpus --edition=2021 crates/win-format/tests/adversarial_corpus.rs --error-format=json --json=diagnostic-rendered-ansi,artifacts,future-incompat --emit=dep-info,link -C embed-bitcode=no -C debuginfo=2 -C split-debuginfo=unpacked --warn=rust_2018_idioms '--warn=clippy::all' '--warn=clippy::verbose_file_reads' --forbid=unsafe_code '--warn=clippy::unimplemented' '--warn=clippy::todo' '--warn=clippy::rest_pat_in_fully_bound_structs' '--warn=clippy::ref_option_ref' '--warn=clippy::path_buf_push_overwrite' '--warn=clippy::needless_borrow' '--warn=clippy::mutex_atomic' '--warn=clippy::mem_forget' '--warn=clippy::lossy_float_literal' '--warn=clippy::get_unwrap' '--warn=clippy::float_cmp_const' '--warn=clippy::filetype_is_file' '--warn=clippy::dbg_macro' --test --check-cfg 'cfg(docsrs,test)' --check-cfg 'cfg(feature, values())' -C metadata=b0da027d6d9f86e6 -C extra-filename=-34466c797aec78b9 --out-dir /private/var/folders/jb/19ss9ry1019f1sz5_2x3dkt80000gn/T/cargo-mutants-WinStack_Network_v1-L8HS8b.tmp/target/debug/deps -C incremental=/private/var/folders/jb/19ss9ry1019f1sz5_2x3dkt80000gn/T/cargo-mutants-WinStack_Network_v1-L8HS8b.tmp/target/debug/incremental -L dependency=/private/var/folders/jb/19ss9ry1019f1sz5_2x3dkt80000gn/T/cargo-mutants-WinStack_Network_v1-L8HS8b.tmp/target/debug/deps --extern win_format=/private/var/folders/jb/19ss9ry1019f1sz5_2x3dkt80000gn/T/cargo-mutants-WinStack_Network_v1-L8HS8b.tmp/target/debug/deps/libwin_format-0b2a13ed6987f58a.rlib`
warning: `win-format` (lib test) generated 1 warning (1 duplicate)
    Finished `test` profile [unoptimized + debuginfo] target(s) in 0.30s
  Executable `/private/var/folders/jb/19ss9ry1019f1sz5_2x3dkt80000gn/T/cargo-mutants-WinStack_Network_v1-L8HS8b.tmp/target/debug/deps/win_format-5529ccc54efa790b`
  Executable `/private/var/folders/jb/19ss9ry1019f1sz5_2x3dkt80000gn/T/cargo-mutants-WinStack_Network_v1-L8HS8b.tmp/target/debug/deps/adversarial_corpus-34466c797aec78b9`
  Executable `/private/var/folders/jb/19ss9ry1019f1sz5_2x3dkt80000gn/T/cargo-mutants-WinStack_Network_v1-L8HS8b.tmp/target/debug/deps/tamper_grid-4e5d5ddf6f091ecd`

*** result: Success

*** /Users/thekingflame/.rustup/toolchains/stable-aarch64-apple-darwin/bin/cargo test --verbose --package=win-format@0.1.0
warning: unused variable: `s`
   --> crates/win-format/src/lib.rs:163:22
    |
163 | fn brackets_balanced(s: &str) -> bool {
    |                      ^ help: if this is intentional, prefix it with an underscore: `_s`
    |
    = note: `#[warn(unused_variables)]` (part of `#[warn(unused)]`) on by default

warning: `win-format` (lib) generated 1 warning (run `cargo fix --lib -p win-format` to apply 1 suggestion)
       Fresh win-format v0.1.0 (/private/var/folders/jb/19ss9ry1019f1sz5_2x3dkt80000gn/T/cargo-mutants-WinStack_Network_v1-L8HS8b.tmp/crates/win-format)
warning: `win-format` (lib test) generated 1 warning (1 duplicate)
    Finished `test` profile [unoptimized + debuginfo] target(s) in 0.04s
     Running `/private/var/folders/jb/19ss9ry1019f1sz5_2x3dkt80000gn/T/cargo-mutants-WinStack_Network_v1-L8HS8b.tmp/target/debug/deps/win_format-5529ccc54efa790b`

running 25 tests
test tests::bad_magic_is_container_damage ... ok
test tests::bad_magic_rejected ... ok
test tests::binary_content_preserved ... ok
test tests::content_change_is_not_container_damage ... ok
test tests::empty_data_rejected ... ok
test tests::empty_file_works ... ok
test tests::error_messages_are_descriptive ... ok
test tests::impossible_file_length_is_container_damage ... ok
test tests::integer_overflow_file_len ... ok
test tests::is_win_detects_correctly ... ok
test tests::missing_proof_section_is_container_damage ... ok
test tests::null_bytes_in_filename_rejected ... ok
test tests::null_filename_is_container_damage ... ok
test tests::pack_unpack_roundtrip ... ok
test tests::path_separators_stripped ... ok
test tests::filename_length_capped ... ok
test tests::large_file ... ok
test tests::path_traversal_filename_sanitized_not_damaged ... ok
test tests::path_traversal_stripped ... ok
test tests::truncated_file_region_rejected ... ok
test tests::truncated_filename_is_container_damage ... ok
test tests::truncated_header_is_container_damage ... ok
test tests::truncated_payload_is_container_damage ... ok
test tests::unpack_then_repack_identical ... ok
test tests::windows_path_traversal_stripped ... ok

test result: ok. 25 passed; 0 failed; 0 ignored; 0 measured; 0 filtered out; finished in 0.00s

     Running `/private/var/folders/jb/19ss9ry1019f1sz5_2x3dkt80000gn/T/cargo-mutants-WinStack_Network_v1-L8HS8b.tmp/target/debug/deps/adversarial_corpus-34466c797aec78b9`

running 25 tests
test empty_buffer_is_too_short ... ok
test all_single_byte_inputs_never_panic ... ok
test filename_absolute_path_sanitized ... ok
test filename_just_over_max_rejected ... ok
test filename_path_traversal_sanitized ... ok
test filename_windows_drive_path_sanitized ... ok
test filename_unicode_rtl_override_kept_visible_but_does_not_crash ... ok
test filename_with_null_byte_rejected ... ok
test header_only_no_data_is_damaged ... ok
test length_consumes_proof_section_is_damaged ... ok
test length_overflow_file_len_u64_max_is_damaged ... ok
test length_overflow_u64_max_is_damaged_not_panic ... ok
test length_zero_filename_rejected_or_sanitized ... ok
test magic_almost_correct_v0_rejected ... ok
test magic_zero_byte_rejected ... ok
test proof_balanced_but_meaningless_is_not_container_damage ... ok
test proof_with_quoted_brace_does_not_confuse_balance_check ... ok
test proof_unbalanced_braces_classifies_as_damaged ... FAILED
test proof_deeply_nested_does_not_stack_overflow ... ok
test winerror_variants_classify_consistently ... ok
test truncation_at_every_position_never_panics ... ok
test filename_extreme_length_4096_max_accepted ... ok
test roundtrip_preserves_payload_bytes_for_random_sizes ... ok
test random_byte_sequences_never_panic ... ok
test proof_huge_does_not_crash ... ok

failures:

---- proof_unbalanced_braces_classifies_as_damaged stdout ----

thread 'proof_unbalanced_braces_classifies_as_damaged' (9057674) panicked at crates/win-format/tests/adversarial_corpus.rs:203:31:
unbalanced braces must reject: ("t.txt", [120], "{\"a\":1")
note: run with `RUST_BACKTRACE=1` environment variable to display a backtrace


failures:
    proof_unbalanced_braces_classifies_as_damaged

test result: FAILED. 24 passed; 1 failed; 0 ignored; 0 measured; 0 filtered out; finished in 0.01s

error: test failed, to rerun pass `-p win-format --test adversarial_corpus`

*** result: Failure(101)
