
*** crates/win-format/src/lib.rs:128:37: replace + with - in unpack

*** mutation diff:
--- crates/win-format/src/lib.rs
+++ replace + with - in unpack
@@ -120,17 +120,17 @@
         data[file_len_start + 3],
         data[file_len_start + 4],
         data[file_len_start + 5],
         data[file_len_start + 6],
         data[file_len_start + 7],
     ]);
 
     // Bounds check: file_len must fit in available data
-    let file_start = file_len_start + 8;
+    let file_start = file_len_start - /* ~ changed by cargo-mutants ~ */ 8;
     let file_len_usize = usize::try_from(file_len).map_err(|_| WinError::Truncated)?;
     let file_end = file_start
         .checked_add(file_len_usize)
         .ok_or(WinError::Truncated)?;
     if data.len() < file_end {
         return Err(WinError::Truncated);
     }
 


*** /Users/thekingflame/.rustup/toolchains/stable-aarch64-apple-darwin/bin/cargo test --no-run --verbose --package=win-format@0.1.0
       Dirty win-format v0.1.0 (/private/var/folders/jb/19ss9ry1019f1sz5_2x3dkt80000gn/T/cargo-mutants-WinStack_Network_v1-L8HS8b.tmp/crates/win-format): the file `crates/win-format/src/lib.rs` has changed (1777836090.656507923s, 539412112ns after last build at 1777836090.117095811s)
   Compiling win-format v0.1.0 (/private/var/folders/jb/19ss9ry1019f1sz5_2x3dkt80000gn/T/cargo-mutants-WinStack_Network_v1-L8HS8b.tmp/crates/win-format)
     Running `/Users/thekingflame/.rustup/toolchains/stable-aarch64-apple-darwin/bin/rustc --crate-name win_format --edition=2021 crates/win-format/src/lib.rs --error-format=json --json=diagnostic-rendered-ansi,artifacts,future-incompat --emit=dep-info,link -C embed-bitcode=no -C debuginfo=2 -C split-debuginfo=unpacked --warn=rust_2018_idioms '--warn=clippy::all' '--warn=clippy::verbose_file_reads' --forbid=unsafe_code '--warn=clippy::unimplemented' '--warn=clippy::todo' '--warn=clippy::rest_pat_in_fully_bound_structs' '--warn=clippy::ref_option_ref' '--warn=clippy::path_buf_push_overwrite' '--warn=clippy::needless_borrow' '--warn=clippy::mutex_atomic' '--warn=clippy::mem_forget' '--warn=clippy::lossy_float_literal' '--warn=clippy::get_unwrap' '--warn=clippy::float_cmp_const' '--warn=clippy::filetype_is_file' '--warn=clippy::dbg_macro' --test --check-cfg 'cfg(docsrs,test)' --check-cfg 'cfg(feature, values())' -C metadata=83c514c16b68c3d4 -C extra-filename=-5529ccc54efa790b --out-dir /private/var/folders/jb/19ss9ry1019f1sz5_2x3dkt80000gn/T/cargo-mutants-WinStack_Network_v1-L8HS8b.tmp/target/debug/deps -C incremental=/private/var/folders/jb/19ss9ry1019f1sz5_2x3dkt80000gn/T/cargo-mutants-WinStack_Network_v1-L8HS8b.tmp/target/debug/incremental -L dependency=/private/var/folders/jb/19ss9ry1019f1sz5_2x3dkt80000gn/T/cargo-mutants-WinStack_Network_v1-L8HS8b.tmp/target/debug/deps`
     Running `/Users/thekingflame/.rustup/toolchains/stable-aarch64-apple-darwin/bin/rustc --crate-name win_format --edition=2021 crates/win-format/src/lib.rs --error-format=json --json=diagnostic-rendered-ansi,artifacts,future-incompat --crate-type lib --emit=dep-info,metadata,link -C embed-bitcode=no -C debuginfo=2 -C split-debuginfo=unpacked --warn=rust_2018_idioms '--warn=clippy::all' '--warn=clippy::verbose_file_reads' --forbid=unsafe_code '--warn=clippy::unimplemented' '--warn=clippy::todo' '--warn=clippy::rest_pat_in_fully_bound_structs' '--warn=clippy::ref_option_ref' '--warn=clippy::path_buf_push_overwrite' '--warn=clippy::needless_borrow' '--warn=clippy::mutex_atomic' '--warn=clippy::mem_forget' '--warn=clippy::lossy_float_literal' '--warn=clippy::get_unwrap' '--warn=clippy::float_cmp_const' '--warn=clippy::filetype_is_file' '--warn=clippy::dbg_macro' --check-cfg 'cfg(docsrs,test)' --check-cfg 'cfg(feature, values())' -C metadata=f02034940a548b83 -C extra-filename=-0b2a13ed6987f58a --out-dir /private/var/folders/jb/19ss9ry1019f1sz5_2x3dkt80000gn/T/cargo-mutants-WinStack_Network_v1-L8HS8b.tmp/target/debug/deps -C incremental=/private/var/folders/jb/19ss9ry1019f1sz5_2x3dkt80000gn/T/cargo-mutants-WinStack_Network_v1-L8HS8b.tmp/target/debug/incremental -L dependency=/private/var/folders/jb/19ss9ry1019f1sz5_2x3dkt80000gn/T/cargo-mutants-WinStack_Network_v1-L8HS8b.tmp/target/debug/deps`
     Running `/Users/thekingflame/.rustup/toolchains/stable-aarch64-apple-darwin/bin/rustc --crate-name tamper_grid --edition=2021 crates/win-format/tests/tamper_grid.rs --error-format=json --json=diagnostic-rendered-ansi,artifacts,future-incompat --emit=dep-info,link -C embed-bitcode=no -C debuginfo=2 -C split-debuginfo=unpacked --warn=rust_2018_idioms '--warn=clippy::all' '--warn=clippy::verbose_file_reads' --forbid=unsafe_code '--warn=clippy::unimplemented' '--warn=clippy::todo' '--warn=clippy::rest_pat_in_fully_bound_structs' '--warn=clippy::ref_option_ref' '--warn=clippy::path_buf_push_overwrite' '--warn=clippy::needless_borrow' '--warn=clippy::mutex_atomic' '--warn=clippy::mem_forget' '--warn=clippy::lossy_float_literal' '--warn=clippy::get_unwrap' '--warn=clippy::float_cmp_const' '--warn=clippy::filetype_is_file' '--warn=clippy::dbg_macro' --test --check-cfg 'cfg(docsrs,test)' --check-cfg 'cfg(feature, values())' -C metadata=84f4ab88c10230c6 -C extra-filename=-4e5d5ddf6f091ecd --out-dir /private/var/folders/jb/19ss9ry1019f1sz5_2x3dkt80000gn/T/cargo-mutants-WinStack_Network_v1-L8HS8b.tmp/target/debug/deps -C incremental=/private/var/folders/jb/19ss9ry1019f1sz5_2x3dkt80000gn/T/cargo-mutants-WinStack_Network_v1-L8HS8b.tmp/target/debug/incremental -L dependency=/private/var/folders/jb/19ss9ry1019f1sz5_2x3dkt80000gn/T/cargo-mutants-WinStack_Network_v1-L8HS8b.tmp/target/debug/deps --extern win_format=/private/var/folders/jb/19ss9ry1019f1sz5_2x3dkt80000gn/T/cargo-mutants-WinStack_Network_v1-L8HS8b.tmp/target/debug/deps/libwin_format-0b2a13ed6987f58a.rlib`
     Running `/Users/thekingflame/.rustup/toolchains/stable-aarch64-apple-darwin/bin/rustc --crate-name adversarial_corpus --edition=2021 crates/win-format/tests/adversarial_corpus.rs --error-format=json --json=diagnostic-rendered-ansi,artifacts,future-incompat --emit=dep-info,link -C embed-bitcode=no -C debuginfo=2 -C split-debuginfo=unpacked --warn=rust_2018_idioms '--warn=clippy::all' '--warn=clippy::verbose_file_reads' --forbid=unsafe_code '--warn=clippy::unimplemented' '--warn=clippy::todo' '--warn=clippy::rest_pat_in_fully_bound_structs' '--warn=clippy::ref_option_ref' '--warn=clippy::path_buf_push_overwrite' '--warn=clippy::needless_borrow' '--warn=clippy::mutex_atomic' '--warn=clippy::mem_forget' '--warn=clippy::lossy_float_literal' '--warn=clippy::get_unwrap' '--warn=clippy::float_cmp_const' '--warn=clippy::filetype_is_file' '--warn=clippy::dbg_macro' --test --check-cfg 'cfg(docsrs,test)' --check-cfg 'cfg(feature, values())' -C metadata=b0da027d6d9f86e6 -C extra-filename=-34466c797aec78b9 --out-dir /private/var/folders/jb/19ss9ry1019f1sz5_2x3dkt80000gn/T/cargo-mutants-WinStack_Network_v1-L8HS8b.tmp/target/debug/deps -C incremental=/private/var/folders/jb/19ss9ry1019f1sz5_2x3dkt80000gn/T/cargo-mutants-WinStack_Network_v1-L8HS8b.tmp/target/debug/incremental -L dependency=/private/var/folders/jb/19ss9ry1019f1sz5_2x3dkt80000gn/T/cargo-mutants-WinStack_Network_v1-L8HS8b.tmp/target/debug/deps --extern win_format=/private/var/folders/jb/19ss9ry1019f1sz5_2x3dkt80000gn/T/cargo-mutants-WinStack_Network_v1-L8HS8b.tmp/target/debug/deps/libwin_format-0b2a13ed6987f58a.rlib`
    Finished `test` profile [unoptimized + debuginfo] target(s) in 0.28s
  Executable `/private/var/folders/jb/19ss9ry1019f1sz5_2x3dkt80000gn/T/cargo-mutants-WinStack_Network_v1-L8HS8b.tmp/target/debug/deps/win_format-5529ccc54efa790b`
  Executable `/private/var/folders/jb/19ss9ry1019f1sz5_2x3dkt80000gn/T/cargo-mutants-WinStack_Network_v1-L8HS8b.tmp/target/debug/deps/adversarial_corpus-34466c797aec78b9`
  Executable `/private/var/folders/jb/19ss9ry1019f1sz5_2x3dkt80000gn/T/cargo-mutants-WinStack_Network_v1-L8HS8b.tmp/target/debug/deps/tamper_grid-4e5d5ddf6f091ecd`

*** result: Success

*** /Users/thekingflame/.rustup/toolchains/stable-aarch64-apple-darwin/bin/cargo test --verbose --package=win-format@0.1.0
       Fresh win-format v0.1.0 (/private/var/folders/jb/19ss9ry1019f1sz5_2x3dkt80000gn/T/cargo-mutants-WinStack_Network_v1-L8HS8b.tmp/crates/win-format)
    Finished `test` profile [unoptimized + debuginfo] target(s) in 0.04s
     Running `/private/var/folders/jb/19ss9ry1019f1sz5_2x3dkt80000gn/T/cargo-mutants-WinStack_Network_v1-L8HS8b.tmp/target/debug/deps/win_format-5529ccc54efa790b`

running 25 tests
test tests::bad_magic_is_container_damage ... ok
test tests::bad_magic_rejected ... ok
test tests::content_change_is_not_container_damage ... ok
test tests::empty_data_rejected ... ok
test tests::error_messages_are_descriptive ... ok
test tests::impossible_file_length_is_container_damage ... ok
test tests::binary_content_preserved ... FAILED
test tests::empty_file_works ... FAILED
test tests::integer_overflow_file_len ... ok
test tests::is_win_detects_correctly ... ok
test tests::null_bytes_in_filename_rejected ... ok
test tests::missing_proof_section_is_container_damage ... FAILED
test tests::null_filename_is_container_damage ... ok
test tests::path_separators_stripped ... ok
test tests::pack_unpack_roundtrip ... FAILED
test tests::path_traversal_filename_sanitized_not_damaged ... ok
test tests::path_traversal_stripped ... ok
test tests::truncated_file_region_rejected ... ok
test tests::truncated_filename_is_container_damage ... ok
test tests::truncated_header_is_container_damage ... ok
test tests::large_file ... FAILED
test tests::truncated_payload_is_container_damage ... ok
test tests::filename_length_capped ... ok
test tests::windows_path_traversal_stripped ... ok
test tests::unpack_then_repack_identical ... FAILED

failures:

---- tests::binary_content_preserved stdout ----

thread 'tests::binary_content_preserved' (9055390) panicked at crates/win-format/src/lib.rs:275:44:
called `Result::unwrap()` on an `Err` value: Truncated
note: run with `RUST_BACKTRACE=1` environment variable to display a backtrace

---- tests::empty_file_works stdout ----

thread 'tests::empty_file_works' (9055393) panicked at crates/win-format/src/lib.rs:258:9:
assertion `left == right` failed
  left: "mpty.txt\0\0\0\0\0\0\0\0{}"
 right: "{}"

---- tests::missing_proof_section_is_container_damage stdout ----

thread 'tests::missing_proof_section_is_container_damage' (9055400) panicked at crates/win-format/src/lib.rs:385:33:
called `Result::unwrap_err()` on an `Ok` value: ("test", [4, 0, 0], "\0test\u{3}\0\0\0\0\0\0\0abc")

---- tests::pack_unpack_roundtrip stdout ----

thread 'tests::pack_unpack_roundtrip' (9055403) panicked at crates/win-format/src/lib.rs:214:9:
assertion `left == right` failed
  left: [116, 101, 115, 116, 46, 112, 100, 102, 11, 0, 0]
 right: [104, 101, 108, 108, 111, 32, 119, 111, 114, 108, 100]

---- tests::large_file stdout ----

thread 'tests::large_file' (9055399) panicked at crates/win-format/src/lib.rs:265:51:
called `Result::unwrap()` on an `Err` value: Truncated

---- tests::unpack_then_repack_identical stdout ----

thread 'tests::unpack_then_repack_identical' (9055411) panicked at crates/win-format/src/lib.rs:338:9:
assertion `left == right` failed
  left: [87, 73, 78, 1, 7, 0, 0, 0, 100, 111, 99, 46, 112, 100, 102, 16, 0, 0, 0, 0, 0, 0, 0, 80, 68, 70, 32, 99, 111, 110, 116, 101, 110, 116, 32, 104, 101, 114, 101, 123, 34, 104, 97, 115, 104, 34, 58, 34, 97, 98, 99, 34, 125]
 right: [87, 73, 78, 1, 7, 0, 0, 0, 100, 111, 99, 46, 112, 100, 102, 16, 0, 0, 0, 0, 0, 0, 0, 0, 100, 111, 99, 46, 112, 100, 102, 16, 0, 0, 0, 0, 0, 0, 0, 80, 68, 70, 32, 99, 111, 110, 116, 101, 110, 116, 32, 104, 101, 114, 101, 123, 34, 104, 97, 115, 104, 34, 58, 34, 97, 98, 99, 34, 125]


failures:
    tests::binary_content_preserved
    tests::empty_file_works
    tests::large_file
    tests::missing_proof_section_is_container_damage
    tests::pack_unpack_roundtrip
    tests::unpack_then_repack_identical

test result: FAILED. 19 passed; 6 failed; 0 ignored; 0 measured; 0 filtered out; finished in 0.00s

error: test failed, to rerun pass `-p win-format --lib`

*** result: Failure(101)
