
*** crates/win-format/src/lib.rs:62:5: replace pack -> Vec<u8> with vec![1]

*** mutation diff:
--- crates/win-format/src/lib.rs
+++ replace pack -> Vec<u8> with vec![1]
@@ -54,32 +54,17 @@
 impl From<std::io::Error> for WinError {
     fn from(e: std::io::Error) -> Self {
         WinError::Io(e)
     }
 }
 
 /// Pack a file and its proof JSON into a .win container.
 pub fn pack(filename: &str, file_bytes: &[u8], proof_json: &str) -> Vec<u8> {
-    let name_bytes = sanitize_filename(filename).into_bytes();
-    let name_len = name_bytes.len() as u32;
-    let file_len = file_bytes.len() as u64;
-    let proof_bytes = proof_json.as_bytes();
-
-    let total = 4 + 4 + name_bytes.len() + 8 + file_bytes.len() + proof_bytes.len();
-    let mut out = Vec::with_capacity(total);
-
-    out.extend_from_slice(MAGIC);
-    out.extend_from_slice(&name_len.to_le_bytes());
-    out.extend_from_slice(&name_bytes);
-    out.extend_from_slice(&file_len.to_le_bytes());
-    out.extend_from_slice(file_bytes);
-    out.extend_from_slice(proof_bytes);
-
-    out
+    vec![1] /* ~ changed by cargo-mutants ~ */
 }
 
 /// Unpack a .win container → (filename, file_bytes, proof_json)
 ///
 /// Security: filename is sanitized (path separators stripped, length capped).
 /// File length is bounds-checked against actual data. No panics on malformed input.
 pub fn unpack(data: &[u8]) -> Result<(String, Vec<u8>, String), WinError> {
     if data.len() < 16 {


*** /Users/thekingflame/.rustup/toolchains/stable-aarch64-apple-darwin/bin/cargo test --no-run --verbose --package=win-format@0.1.0
       Dirty win-format v0.1.0 (/private/var/folders/jb/19ss9ry1019f1sz5_2x3dkt80000gn/T/cargo-mutants-WinStack_Network_v1-L8HS8b.tmp/crates/win-format): the file `crates/win-format/src/lib.rs` has changed (1777836059.272002063s, 1s after last build at 1777836058.736559734s)
   Compiling win-format v0.1.0 (/private/var/folders/jb/19ss9ry1019f1sz5_2x3dkt80000gn/T/cargo-mutants-WinStack_Network_v1-L8HS8b.tmp/crates/win-format)
     Running `/Users/thekingflame/.rustup/toolchains/stable-aarch64-apple-darwin/bin/rustc --crate-name win_format --edition=2021 crates/win-format/src/lib.rs --error-format=json --json=diagnostic-rendered-ansi,artifacts,future-incompat --emit=dep-info,link -C embed-bitcode=no -C debuginfo=2 -C split-debuginfo=unpacked --warn=rust_2018_idioms '--warn=clippy::all' '--warn=clippy::verbose_file_reads' --forbid=unsafe_code '--warn=clippy::unimplemented' '--warn=clippy::todo' '--warn=clippy::rest_pat_in_fully_bound_structs' '--warn=clippy::ref_option_ref' '--warn=clippy::path_buf_push_overwrite' '--warn=clippy::needless_borrow' '--warn=clippy::mutex_atomic' '--warn=clippy::mem_forget' '--warn=clippy::lossy_float_literal' '--warn=clippy::get_unwrap' '--warn=clippy::float_cmp_const' '--warn=clippy::filetype_is_file' '--warn=clippy::dbg_macro' --test --check-cfg 'cfg(docsrs,test)' --check-cfg 'cfg(feature, values())' -C metadata=83c514c16b68c3d4 -C extra-filename=-5529ccc54efa790b --out-dir /private/var/folders/jb/19ss9ry1019f1sz5_2x3dkt80000gn/T/cargo-mutants-WinStack_Network_v1-L8HS8b.tmp/target/debug/deps -C incremental=/private/var/folders/jb/19ss9ry1019f1sz5_2x3dkt80000gn/T/cargo-mutants-WinStack_Network_v1-L8HS8b.tmp/target/debug/incremental -L dependency=/private/var/folders/jb/19ss9ry1019f1sz5_2x3dkt80000gn/T/cargo-mutants-WinStack_Network_v1-L8HS8b.tmp/target/debug/deps`
     Running `/Users/thekingflame/.rustup/toolchains/stable-aarch64-apple-darwin/bin/rustc --crate-name win_format --edition=2021 crates/win-format/src/lib.rs --error-format=json --json=diagnostic-rendered-ansi,artifacts,future-incompat --crate-type lib --emit=dep-info,metadata,link -C embed-bitcode=no -C debuginfo=2 -C split-debuginfo=unpacked --warn=rust_2018_idioms '--warn=clippy::all' '--warn=clippy::verbose_file_reads' --forbid=unsafe_code '--warn=clippy::unimplemented' '--warn=clippy::todo' '--warn=clippy::rest_pat_in_fully_bound_structs' '--warn=clippy::ref_option_ref' '--warn=clippy::path_buf_push_overwrite' '--warn=clippy::needless_borrow' '--warn=clippy::mutex_atomic' '--warn=clippy::mem_forget' '--warn=clippy::lossy_float_literal' '--warn=clippy::get_unwrap' '--warn=clippy::float_cmp_const' '--warn=clippy::filetype_is_file' '--warn=clippy::dbg_macro' --check-cfg 'cfg(docsrs,test)' --check-cfg 'cfg(feature, values())' -C metadata=f02034940a548b83 -C extra-filename=-0b2a13ed6987f58a --out-dir /private/var/folders/jb/19ss9ry1019f1sz5_2x3dkt80000gn/T/cargo-mutants-WinStack_Network_v1-L8HS8b.tmp/target/debug/deps -C incremental=/private/var/folders/jb/19ss9ry1019f1sz5_2x3dkt80000gn/T/cargo-mutants-WinStack_Network_v1-L8HS8b.tmp/target/debug/incremental -L dependency=/private/var/folders/jb/19ss9ry1019f1sz5_2x3dkt80000gn/T/cargo-mutants-WinStack_Network_v1-L8HS8b.tmp/target/debug/deps`
warning: unused variable: `filename`
  --> crates/win-format/src/lib.rs:61:13
   |
61 | pub fn pack(filename: &str, file_bytes: &[u8], proof_json: &str) -> Vec<u8> {
   |             ^^^^^^^^ help: if this is intentional, prefix it with an underscore: `_filename`
   |
   = note: `#[warn(unused_variables)]` (part of `#[warn(unused)]`) on by default

warning: unused variable: `file_bytes`
  --> crates/win-format/src/lib.rs:61:29
   |
61 | pub fn pack(filename: &str, file_bytes: &[u8], proof_json: &str) -> Vec<u8> {
   |                             ^^^^^^^^^^ help: if this is intentional, prefix it with an underscore: `_file_bytes`

warning: unused variable: `proof_json`
  --> crates/win-format/src/lib.rs:61:48
   |
61 | pub fn pack(filename: &str, file_bytes: &[u8], proof_json: &str) -> Vec<u8> {
   |                                                ^^^^^^^^^^ help: if this is intentional, prefix it with an underscore: `_proof_json`

warning: `win-format` (lib) generated 3 warnings (run `cargo fix --lib -p win-format` to apply 3 suggestions)
     Running `/Users/thekingflame/.rustup/toolchains/stable-aarch64-apple-darwin/bin/rustc --crate-name adversarial_corpus --edition=2021 crates/win-format/tests/adversarial_corpus.rs --error-format=json --json=diagnostic-rendered-ansi,artifacts,future-incompat --emit=dep-info,link -C embed-bitcode=no -C debuginfo=2 -C split-debuginfo=unpacked --warn=rust_2018_idioms '--warn=clippy::all' '--warn=clippy::verbose_file_reads' --forbid=unsafe_code '--warn=clippy::unimplemented' '--warn=clippy::todo' '--warn=clippy::rest_pat_in_fully_bound_structs' '--warn=clippy::ref_option_ref' '--warn=clippy::path_buf_push_overwrite' '--warn=clippy::needless_borrow' '--warn=clippy::mutex_atomic' '--warn=clippy::mem_forget' '--warn=clippy::lossy_float_literal' '--warn=clippy::get_unwrap' '--warn=clippy::float_cmp_const' '--warn=clippy::filetype_is_file' '--warn=clippy::dbg_macro' --test --check-cfg 'cfg(docsrs,test)' --check-cfg 'cfg(feature, values())' -C metadata=b0da027d6d9f86e6 -C extra-filename=-34466c797aec78b9 --out-dir /private/var/folders/jb/19ss9ry1019f1sz5_2x3dkt80000gn/T/cargo-mutants-WinStack_Network_v1-L8HS8b.tmp/target/debug/deps -C incremental=/private/var/folders/jb/19ss9ry1019f1sz5_2x3dkt80000gn/T/cargo-mutants-WinStack_Network_v1-L8HS8b.tmp/target/debug/incremental -L dependency=/private/var/folders/jb/19ss9ry1019f1sz5_2x3dkt80000gn/T/cargo-mutants-WinStack_Network_v1-L8HS8b.tmp/target/debug/deps --extern win_format=/private/var/folders/jb/19ss9ry1019f1sz5_2x3dkt80000gn/T/cargo-mutants-WinStack_Network_v1-L8HS8b.tmp/target/debug/deps/libwin_format-0b2a13ed6987f58a.rlib`
     Running `/Users/thekingflame/.rustup/toolchains/stable-aarch64-apple-darwin/bin/rustc --crate-name tamper_grid --edition=2021 crates/win-format/tests/tamper_grid.rs --error-format=json --json=diagnostic-rendered-ansi,artifacts,future-incompat --emit=dep-info,link -C embed-bitcode=no -C debuginfo=2 -C split-debuginfo=unpacked --warn=rust_2018_idioms '--warn=clippy::all' '--warn=clippy::verbose_file_reads' --forbid=unsafe_code '--warn=clippy::unimplemented' '--warn=clippy::todo' '--warn=clippy::rest_pat_in_fully_bound_structs' '--warn=clippy::ref_option_ref' '--warn=clippy::path_buf_push_overwrite' '--warn=clippy::needless_borrow' '--warn=clippy::mutex_atomic' '--warn=clippy::mem_forget' '--warn=clippy::lossy_float_literal' '--warn=clippy::get_unwrap' '--warn=clippy::float_cmp_const' '--warn=clippy::filetype_is_file' '--warn=clippy::dbg_macro' --test --check-cfg 'cfg(docsrs,test)' --check-cfg 'cfg(feature, values())' -C metadata=84f4ab88c10230c6 -C extra-filename=-4e5d5ddf6f091ecd --out-dir /private/var/folders/jb/19ss9ry1019f1sz5_2x3dkt80000gn/T/cargo-mutants-WinStack_Network_v1-L8HS8b.tmp/target/debug/deps -C incremental=/private/var/folders/jb/19ss9ry1019f1sz5_2x3dkt80000gn/T/cargo-mutants-WinStack_Network_v1-L8HS8b.tmp/target/debug/incremental -L dependency=/private/var/folders/jb/19ss9ry1019f1sz5_2x3dkt80000gn/T/cargo-mutants-WinStack_Network_v1-L8HS8b.tmp/target/debug/deps --extern win_format=/private/var/folders/jb/19ss9ry1019f1sz5_2x3dkt80000gn/T/cargo-mutants-WinStack_Network_v1-L8HS8b.tmp/target/debug/deps/libwin_format-0b2a13ed6987f58a.rlib`
warning: `win-format` (lib test) generated 3 warnings (3 duplicates)
    Finished `test` profile [unoptimized + debuginfo] target(s) in 0.23s
  Executable `/private/var/folders/jb/19ss9ry1019f1sz5_2x3dkt80000gn/T/cargo-mutants-WinStack_Network_v1-L8HS8b.tmp/target/debug/deps/win_format-5529ccc54efa790b`
  Executable `/private/var/folders/jb/19ss9ry1019f1sz5_2x3dkt80000gn/T/cargo-mutants-WinStack_Network_v1-L8HS8b.tmp/target/debug/deps/adversarial_corpus-34466c797aec78b9`
  Executable `/private/var/folders/jb/19ss9ry1019f1sz5_2x3dkt80000gn/T/cargo-mutants-WinStack_Network_v1-L8HS8b.tmp/target/debug/deps/tamper_grid-4e5d5ddf6f091ecd`

*** result: Success

*** /Users/thekingflame/.rustup/toolchains/stable-aarch64-apple-darwin/bin/cargo test --verbose --package=win-format@0.1.0
warning: unused variable: `filename`
  --> crates/win-format/src/lib.rs:61:13
   |
61 | pub fn pack(filename: &str, file_bytes: &[u8], proof_json: &str) -> Vec<u8> {
   |             ^^^^^^^^ help: if this is intentional, prefix it with an underscore: `_filename`
   |
   = note: `#[warn(unused_variables)]` (part of `#[warn(unused)]`) on by default

warning: unused variable: `file_bytes`
  --> crates/win-format/src/lib.rs:61:29
   |
61 | pub fn pack(filename: &str, file_bytes: &[u8], proof_json: &str) -> Vec<u8> {
   |                             ^^^^^^^^^^ help: if this is intentional, prefix it with an underscore: `_file_bytes`

warning: unused variable: `proof_json`
  --> crates/win-format/src/lib.rs:61:48
   |
61 | pub fn pack(filename: &str, file_bytes: &[u8], proof_json: &str) -> Vec<u8> {
   |                                                ^^^^^^^^^^ help: if this is intentional, prefix it with an underscore: `_proof_json`

warning: `win-format` (lib) generated 3 warnings (run `cargo fix --lib -p win-format` to apply 3 suggestions)
       Fresh win-format v0.1.0 (/private/var/folders/jb/19ss9ry1019f1sz5_2x3dkt80000gn/T/cargo-mutants-WinStack_Network_v1-L8HS8b.tmp/crates/win-format)
warning: `win-format` (lib test) generated 3 warnings (3 duplicates)
    Finished `test` profile [unoptimized + debuginfo] target(s) in 0.04s
     Running `/private/var/folders/jb/19ss9ry1019f1sz5_2x3dkt80000gn/T/cargo-mutants-WinStack_Network_v1-L8HS8b.tmp/target/debug/deps/win_format-5529ccc54efa790b`

running 25 tests
test tests::bad_magic_rejected ... ok
test tests::empty_data_rejected ... ok
test tests::binary_content_preserved ... FAILED
test tests::bad_magic_is_container_damage ... FAILED
test tests::empty_file_works ... FAILED
test tests::content_change_is_not_container_damage ... FAILED
test tests::error_messages_are_descriptive ... ok
test tests::impossible_file_length_is_container_damage ... ok
test tests::integer_overflow_file_len ... ok
test tests::is_win_detects_correctly ... FAILED
test tests::missing_proof_section_is_container_damage ... ok
test tests::null_bytes_in_filename_rejected ... ok
test tests::null_filename_is_container_damage ... ok
test tests::large_file ... FAILED
test tests::pack_unpack_roundtrip ... FAILED
test tests::filename_length_capped ... ok
test tests::path_traversal_filename_sanitized_not_damaged ... FAILED
test tests::path_separators_stripped ... FAILED
test tests::path_traversal_stripped ... FAILED
test tests::truncated_filename_is_container_damage ... ok
test tests::truncated_file_region_rejected ... FAILED
test tests::truncated_header_is_container_damage ... ok
test tests::truncated_payload_is_container_damage ... FAILED
test tests::unpack_then_repack_identical ... FAILED
test tests::windows_path_traversal_stripped ... FAILED

failures:

---- tests::binary_content_preserved stdout ----

thread 'tests::binary_content_preserved' (9036797) panicked at crates/win-format/src/lib.rs:260:44:
called `Result::unwrap()` on an `Err` value: TooShort

---- tests::bad_magic_is_container_damage stdout ----

thread 'tests::bad_magic_is_container_damage' (9036795) panicked at crates/win-format/src/lib.rs:334:9:
assertion failed: matches!(err, WinError::BadMagic)
note: run with `RUST_BACKTRACE=1` environment variable to display a backtrace

---- tests::empty_file_works stdout ----

thread 'tests::empty_file_works' (9036800) panicked at crates/win-format/src/lib.rs:240:51:
called `Result::unwrap()` on an `Err` value: TooShort

---- tests::content_change_is_not_container_damage stdout ----

thread 'tests::content_change_is_not_container_damage' (9036798) panicked at crates/win-format/src/lib.rs:414:68:
called `Option::unwrap()` on a `None` value

---- tests::is_win_detects_correctly stdout ----

thread 'tests::is_win_detects_correctly' (9036805) panicked at crates/win-format/src/lib.rs:206:9:
assertion failed: is_win_file(&packed)

---- tests::large_file stdout ----

thread 'tests::large_file' (9036806) panicked at crates/win-format/src/lib.rs:250:51:
called `Result::unwrap()` on an `Err` value: TooShort

---- tests::pack_unpack_roundtrip stdout ----

thread 'tests::pack_unpack_roundtrip' (9036810) panicked at crates/win-format/src/lib.rs:197:51:
called `Result::unwrap()` on an `Err` value: TooShort

---- tests::path_traversal_filename_sanitized_not_damaged stdout ----

thread 'tests::path_traversal_filename_sanitized_not_damaged' (9036812) panicked at crates/win-format/src/lib.rs:405:44:
called `Result::unwrap()` on an `Err` value: TooShort

---- tests::path_separators_stripped stdout ----

thread 'tests::path_separators_stripped' (9036811) panicked at crates/win-format/src/lib.rs:231:44:
called `Result::unwrap()` on an `Err` value: TooShort

---- tests::path_traversal_stripped stdout ----

thread 'tests::path_traversal_stripped' (9036813) panicked at crates/win-format/src/lib.rs:269:44:
called `Result::unwrap()` on an `Err` value: TooShort

---- tests::truncated_file_region_rejected stdout ----

thread 'tests::truncated_file_region_rejected' (9036814) panicked at crates/win-format/src/lib.rs:225:31:
range end index 16 out of range for slice of length 1

---- tests::truncated_payload_is_container_damage stdout ----

thread 'tests::truncated_payload_is_container_damage' (9036817) panicked at crates/win-format/src/lib.rs:357:33:
range end index 20 out of range for slice of length 1

---- tests::unpack_then_repack_identical stdout ----

thread 'tests::unpack_then_repack_identical' (9036818) panicked at crates/win-format/src/lib.rs:321:53:
called `Result::unwrap()` on an `Err` value: TooShort

---- tests::windows_path_traversal_stripped stdout ----

thread 'tests::windows_path_traversal_stripped' (9036819) panicked at crates/win-format/src/lib.rs:278:44:
called `Result::unwrap()` on an `Err` value: TooShort


failures:
    tests::bad_magic_is_container_damage
    tests::binary_content_preserved
    tests::content_change_is_not_container_damage
    tests::empty_file_works
    tests::is_win_detects_correctly
    tests::large_file
    tests::pack_unpack_roundtrip
    tests::path_separators_stripped
    tests::path_traversal_filename_sanitized_not_damaged
    tests::path_traversal_stripped
    tests::truncated_file_region_rejected
    tests::truncated_payload_is_container_damage
    tests::unpack_then_repack_identical
    tests::windows_path_traversal_stripped

test result: FAILED. 11 passed; 14 failed; 0 ignored; 0 measured; 0 filtered out; finished in 0.00s

error: test failed, to rerun pass `-p win-format --lib`

*** result: Failure(101)
