
*** crates/win-format/src/lib.rs:122:29: replace + with * in unpack

*** mutation diff:
--- crates/win-format/src/lib.rs
+++ replace + with * in unpack
@@ -114,17 +114,17 @@
     // File length — checked arithmetic, no overflow
     let file_len_start = name_end;
     let file_len = u64::from_le_bytes([
         data[file_len_start],
         data[file_len_start + 1],
         data[file_len_start + 2],
         data[file_len_start + 3],
         data[file_len_start + 4],
-        data[file_len_start + 5],
+        data[file_len_start * /* ~ changed by cargo-mutants ~ */ 5],
         data[file_len_start + 6],
         data[file_len_start + 7],
     ]);
 
     // Bounds check: file_len must fit in available data
     let file_start = file_len_start + 8;
     let file_len_usize = usize::try_from(file_len).map_err(|_| WinError::Truncated)?;
     let file_end = file_start


*** /Users/thekingflame/.rustup/toolchains/stable-aarch64-apple-darwin/bin/cargo test --no-run --verbose --package=win-format@0.1.0
       Dirty win-format v0.1.0 (/private/var/folders/jb/19ss9ry1019f1sz5_2x3dkt80000gn/T/cargo-mutants-WinStack_Network_v1-L8HS8b.tmp/crates/win-format): the file `crates/win-format/src/lib.rs` has changed (1777836087.625765343s, 536292285ns after last build at 1777836087.089473058s)
   Compiling win-format v0.1.0 (/private/var/folders/jb/19ss9ry1019f1sz5_2x3dkt80000gn/T/cargo-mutants-WinStack_Network_v1-L8HS8b.tmp/crates/win-format)
     Running `/Users/thekingflame/.rustup/toolchains/stable-aarch64-apple-darwin/bin/rustc --crate-name win_format --edition=2021 crates/win-format/src/lib.rs --error-format=json --json=diagnostic-rendered-ansi,artifacts,future-incompat --emit=dep-info,link -C embed-bitcode=no -C debuginfo=2 -C split-debuginfo=unpacked --warn=rust_2018_idioms '--warn=clippy::all' '--warn=clippy::verbose_file_reads' --forbid=unsafe_code '--warn=clippy::unimplemented' '--warn=clippy::todo' '--warn=clippy::rest_pat_in_fully_bound_structs' '--warn=clippy::ref_option_ref' '--warn=clippy::path_buf_push_overwrite' '--warn=clippy::needless_borrow' '--warn=clippy::mutex_atomic' '--warn=clippy::mem_forget' '--warn=clippy::lossy_float_literal' '--warn=clippy::get_unwrap' '--warn=clippy::float_cmp_const' '--warn=clippy::filetype_is_file' '--warn=clippy::dbg_macro' --test --check-cfg 'cfg(docsrs,test)' --check-cfg 'cfg(feature, values())' -C metadata=83c514c16b68c3d4 -C extra-filename=-5529ccc54efa790b --out-dir /private/var/folders/jb/19ss9ry1019f1sz5_2x3dkt80000gn/T/cargo-mutants-WinStack_Network_v1-L8HS8b.tmp/target/debug/deps -C incremental=/private/var/folders/jb/19ss9ry1019f1sz5_2x3dkt80000gn/T/cargo-mutants-WinStack_Network_v1-L8HS8b.tmp/target/debug/incremental -L dependency=/private/var/folders/jb/19ss9ry1019f1sz5_2x3dkt80000gn/T/cargo-mutants-WinStack_Network_v1-L8HS8b.tmp/target/debug/deps`
     Running `/Users/thekingflame/.rustup/toolchains/stable-aarch64-apple-darwin/bin/rustc --crate-name win_format --edition=2021 crates/win-format/src/lib.rs --error-format=json --json=diagnostic-rendered-ansi,artifacts,future-incompat --crate-type lib --emit=dep-info,metadata,link -C embed-bitcode=no -C debuginfo=2 -C split-debuginfo=unpacked --warn=rust_2018_idioms '--warn=clippy::all' '--warn=clippy::verbose_file_reads' --forbid=unsafe_code '--warn=clippy::unimplemented' '--warn=clippy::todo' '--warn=clippy::rest_pat_in_fully_bound_structs' '--warn=clippy::ref_option_ref' '--warn=clippy::path_buf_push_overwrite' '--warn=clippy::needless_borrow' '--warn=clippy::mutex_atomic' '--warn=clippy::mem_forget' '--warn=clippy::lossy_float_literal' '--warn=clippy::get_unwrap' '--warn=clippy::float_cmp_const' '--warn=clippy::filetype_is_file' '--warn=clippy::dbg_macro' --check-cfg 'cfg(docsrs,test)' --check-cfg 'cfg(feature, values())' -C metadata=f02034940a548b83 -C extra-filename=-0b2a13ed6987f58a --out-dir /private/var/folders/jb/19ss9ry1019f1sz5_2x3dkt80000gn/T/cargo-mutants-WinStack_Network_v1-L8HS8b.tmp/target/debug/deps -C incremental=/private/var/folders/jb/19ss9ry1019f1sz5_2x3dkt80000gn/T/cargo-mutants-WinStack_Network_v1-L8HS8b.tmp/target/debug/incremental -L dependency=/private/var/folders/jb/19ss9ry1019f1sz5_2x3dkt80000gn/T/cargo-mutants-WinStack_Network_v1-L8HS8b.tmp/target/debug/deps`
     Running `/Users/thekingflame/.rustup/toolchains/stable-aarch64-apple-darwin/bin/rustc --crate-name adversarial_corpus --edition=2021 crates/win-format/tests/adversarial_corpus.rs --error-format=json --json=diagnostic-rendered-ansi,artifacts,future-incompat --emit=dep-info,link -C embed-bitcode=no -C debuginfo=2 -C split-debuginfo=unpacked --warn=rust_2018_idioms '--warn=clippy::all' '--warn=clippy::verbose_file_reads' --forbid=unsafe_code '--warn=clippy::unimplemented' '--warn=clippy::todo' '--warn=clippy::rest_pat_in_fully_bound_structs' '--warn=clippy::ref_option_ref' '--warn=clippy::path_buf_push_overwrite' '--warn=clippy::needless_borrow' '--warn=clippy::mutex_atomic' '--warn=clippy::mem_forget' '--warn=clippy::lossy_float_literal' '--warn=clippy::get_unwrap' '--warn=clippy::float_cmp_const' '--warn=clippy::filetype_is_file' '--warn=clippy::dbg_macro' --test --check-cfg 'cfg(docsrs,test)' --check-cfg 'cfg(feature, values())' -C metadata=b0da027d6d9f86e6 -C extra-filename=-34466c797aec78b9 --out-dir /private/var/folders/jb/19ss9ry1019f1sz5_2x3dkt80000gn/T/cargo-mutants-WinStack_Network_v1-L8HS8b.tmp/target/debug/deps -C incremental=/private/var/folders/jb/19ss9ry1019f1sz5_2x3dkt80000gn/T/cargo-mutants-WinStack_Network_v1-L8HS8b.tmp/target/debug/incremental -L dependency=/private/var/folders/jb/19ss9ry1019f1sz5_2x3dkt80000gn/T/cargo-mutants-WinStack_Network_v1-L8HS8b.tmp/target/debug/deps --extern win_format=/private/var/folders/jb/19ss9ry1019f1sz5_2x3dkt80000gn/T/cargo-mutants-WinStack_Network_v1-L8HS8b.tmp/target/debug/deps/libwin_format-0b2a13ed6987f58a.rlib`
     Running `/Users/thekingflame/.rustup/toolchains/stable-aarch64-apple-darwin/bin/rustc --crate-name tamper_grid --edition=2021 crates/win-format/tests/tamper_grid.rs --error-format=json --json=diagnostic-rendered-ansi,artifacts,future-incompat --emit=dep-info,link -C embed-bitcode=no -C debuginfo=2 -C split-debuginfo=unpacked --warn=rust_2018_idioms '--warn=clippy::all' '--warn=clippy::verbose_file_reads' --forbid=unsafe_code '--warn=clippy::unimplemented' '--warn=clippy::todo' '--warn=clippy::rest_pat_in_fully_bound_structs' '--warn=clippy::ref_option_ref' '--warn=clippy::path_buf_push_overwrite' '--warn=clippy::needless_borrow' '--warn=clippy::mutex_atomic' '--warn=clippy::mem_forget' '--warn=clippy::lossy_float_literal' '--warn=clippy::get_unwrap' '--warn=clippy::float_cmp_const' '--warn=clippy::filetype_is_file' '--warn=clippy::dbg_macro' --test --check-cfg 'cfg(docsrs,test)' --check-cfg 'cfg(feature, values())' -C metadata=84f4ab88c10230c6 -C extra-filename=-4e5d5ddf6f091ecd --out-dir /private/var/folders/jb/19ss9ry1019f1sz5_2x3dkt80000gn/T/cargo-mutants-WinStack_Network_v1-L8HS8b.tmp/target/debug/deps -C incremental=/private/var/folders/jb/19ss9ry1019f1sz5_2x3dkt80000gn/T/cargo-mutants-WinStack_Network_v1-L8HS8b.tmp/target/debug/incremental -L dependency=/private/var/folders/jb/19ss9ry1019f1sz5_2x3dkt80000gn/T/cargo-mutants-WinStack_Network_v1-L8HS8b.tmp/target/debug/deps --extern win_format=/private/var/folders/jb/19ss9ry1019f1sz5_2x3dkt80000gn/T/cargo-mutants-WinStack_Network_v1-L8HS8b.tmp/target/debug/deps/libwin_format-0b2a13ed6987f58a.rlib`
    Finished `test` profile [unoptimized + debuginfo] target(s) in 0.26s
  Executable `/private/var/folders/jb/19ss9ry1019f1sz5_2x3dkt80000gn/T/cargo-mutants-WinStack_Network_v1-L8HS8b.tmp/target/debug/deps/win_format-5529ccc54efa790b`
  Executable `/private/var/folders/jb/19ss9ry1019f1sz5_2x3dkt80000gn/T/cargo-mutants-WinStack_Network_v1-L8HS8b.tmp/target/debug/deps/adversarial_corpus-34466c797aec78b9`
  Executable `/private/var/folders/jb/19ss9ry1019f1sz5_2x3dkt80000gn/T/cargo-mutants-WinStack_Network_v1-L8HS8b.tmp/target/debug/deps/tamper_grid-4e5d5ddf6f091ecd`

*** result: Success

*** /Users/thekingflame/.rustup/toolchains/stable-aarch64-apple-darwin/bin/cargo test --verbose --package=win-format@0.1.0
       Fresh win-format v0.1.0 (/private/var/folders/jb/19ss9ry1019f1sz5_2x3dkt80000gn/T/cargo-mutants-WinStack_Network_v1-L8HS8b.tmp/crates/win-format)
    Finished `test` profile [unoptimized + debuginfo] target(s) in 0.04s
     Running `/private/var/folders/jb/19ss9ry1019f1sz5_2x3dkt80000gn/T/cargo-mutants-WinStack_Network_v1-L8HS8b.tmp/target/debug/deps/win_format-5529ccc54efa790b`

running 25 tests
test tests::bad_magic_rejected ... ok
test tests::bad_magic_is_container_damage ... ok
test tests::empty_data_rejected ... ok
test tests::error_messages_are_descriptive ... ok
test tests::empty_file_works ... FAILED
test tests::binary_content_preserved ... FAILED
test tests::content_change_is_not_container_damage ... FAILED
test tests::impossible_file_length_is_container_damage ... FAILED
test tests::is_win_detects_correctly ... ok
test tests::integer_overflow_file_len ... FAILED
test tests::missing_proof_section_is_container_damage ... FAILED
test tests::null_bytes_in_filename_rejected ... ok
test tests::null_filename_is_container_damage ... ok
test tests::pack_unpack_roundtrip ... FAILED
test tests::path_separators_stripped ... FAILED
test tests::large_file ... FAILED
test tests::path_traversal_filename_sanitized_not_damaged ... FAILED
test tests::path_traversal_stripped ... FAILED
test tests::truncated_file_region_rejected ... ok
test tests::truncated_filename_is_container_damage ... ok
test tests::truncated_header_is_container_damage ... ok
test tests::filename_length_capped ... ok
test tests::truncated_payload_is_container_damage ... ok
test tests::unpack_then_repack_identical ... FAILED
test tests::windows_path_traversal_stripped ... FAILED

failures:

---- tests::empty_file_works stdout ----

thread 'tests::empty_file_works' (9053579) panicked at crates/win-format/src/lib.rs:122:9:
index out of bounds: the len is 27 but the index is 85

---- tests::binary_content_preserved stdout ----

thread 'tests::binary_content_preserved' (9053576) panicked at crates/win-format/src/lib.rs:275:44:
called `Result::unwrap()` on an `Err` value: Truncated

---- tests::content_change_is_not_container_damage stdout ----

thread 'tests::content_change_is_not_container_damage' (9053577) panicked at crates/win-format/src/lib.rs:122:9:
index out of bounds: the len is 51 but the index is 65
note: run with `RUST_BACKTRACE=1` environment variable to display a backtrace

---- tests::impossible_file_length_is_container_damage stdout ----

thread 'tests::impossible_file_length_is_container_damage' (9053582) panicked at crates/win-format/src/lib.rs:122:9:
index out of bounds: the len is 23 but the index is 60

---- tests::integer_overflow_file_len stdout ----

thread 'tests::integer_overflow_file_len' (9053583) panicked at crates/win-format/src/lib.rs:122:9:
index out of bounds: the len is 23 but the index is 60

---- tests::missing_proof_section_is_container_damage stdout ----

thread 'tests::missing_proof_section_is_container_damage' (9053586) panicked at crates/win-format/src/lib.rs:122:9:
index out of bounds: the len is 23 but the index is 60

---- tests::pack_unpack_roundtrip stdout ----

thread 'tests::pack_unpack_roundtrip' (9053589) panicked at crates/win-format/src/lib.rs:122:9:
index out of bounds: the len is 49 but the index is 80

---- tests::path_separators_stripped stdout ----

thread 'tests::path_separators_stripped' (9053590) panicked at crates/win-format/src/lib.rs:122:9:
index out of bounds: the len is 27 but the index is 80

---- tests::large_file stdout ----

thread 'tests::large_file' (9053585) panicked at crates/win-format/src/lib.rs:265:51:
called `Result::unwrap()` on an `Err` value: Truncated

---- tests::path_traversal_filename_sanitized_not_damaged stdout ----

thread 'tests::path_traversal_filename_sanitized_not_damaged' (9053591) panicked at crates/win-format/src/lib.rs:122:9:
index out of bounds: the len is 25 but the index is 70

---- tests::path_traversal_stripped stdout ----

thread 'tests::path_traversal_stripped' (9053592) panicked at crates/win-format/src/lib.rs:122:9:
index out of bounds: the len is 25 but the index is 70

---- tests::unpack_then_repack_identical stdout ----

thread 'tests::unpack_then_repack_identical' (9053597) panicked at crates/win-format/src/lib.rs:122:9:
index out of bounds: the len is 53 but the index is 75

---- tests::windows_path_traversal_stripped stdout ----

thread 'tests::windows_path_traversal_stripped' (9053598) panicked at crates/win-format/src/lib.rs:122:9:
index out of bounds: the len is 27 but the index is 80


failures:
    tests::binary_content_preserved
    tests::content_change_is_not_container_damage
    tests::empty_file_works
    tests::impossible_file_length_is_container_damage
    tests::integer_overflow_file_len
    tests::large_file
    tests::missing_proof_section_is_container_damage
    tests::pack_unpack_roundtrip
    tests::path_separators_stripped
    tests::path_traversal_filename_sanitized_not_damaged
    tests::path_traversal_stripped
    tests::unpack_then_repack_identical
    tests::windows_path_traversal_stripped

test result: FAILED. 12 passed; 13 failed; 0 ignored; 0 measured; 0 filtered out; finished in 0.00s

error: test failed, to rerun pass `-p win-format --lib`

*** result: Failure(101)
