
*** crates/win-format/src/lib.rs:100:19: replace < with == in unpack

*** mutation diff:
--- crates/win-format/src/lib.rs
+++ replace < with == in unpack
@@ -92,17 +92,17 @@
     }
 
     // Filename length (cap at 4096 to prevent DoS)
     let name_len = u32::from_le_bytes([data[4], data[5], data[6], data[7]]) as usize;
     if name_len > 4096 {
         return Err(WinError::BadFilename);
     }
     let name_end = 8usize.checked_add(name_len).ok_or(WinError::Truncated)?;
-    if data.len() < name_end + 8 {
+    if data.len() == /* ~ changed by cargo-mutants ~ */ name_end + 8 {
         return Err(WinError::Truncated);
     }
 
     // Filename — sanitize: strip paths, reject null bytes
     let raw_name = std::str::from_utf8(&data[8..name_end]).map_err(|_| WinError::BadFilename)?;
     if raw_name.contains('\0') {
         return Err(WinError::BadFilename);
     }


*** /Users/thekingflame/.rustup/toolchains/stable-aarch64-apple-darwin/bin/cargo test --no-run --verbose --package=win-format@0.1.0
       Dirty win-format v0.1.0 (/private/var/folders/jb/19ss9ry1019f1sz5_2x3dkt80000gn/T/cargo-mutants-WinStack_Network_v1-L8HS8b.tmp/crates/win-format): the file `crates/win-format/src/lib.rs` has changed (1777836079.118109242s, 1s after last build at 1777836078.461230262s)
   Compiling win-format v0.1.0 (/private/var/folders/jb/19ss9ry1019f1sz5_2x3dkt80000gn/T/cargo-mutants-WinStack_Network_v1-L8HS8b.tmp/crates/win-format)
     Running `/Users/thekingflame/.rustup/toolchains/stable-aarch64-apple-darwin/bin/rustc --crate-name win_format --edition=2021 crates/win-format/src/lib.rs --error-format=json --json=diagnostic-rendered-ansi,artifacts,future-incompat --emit=dep-info,link -C embed-bitcode=no -C debuginfo=2 -C split-debuginfo=unpacked --warn=rust_2018_idioms '--warn=clippy::all' '--warn=clippy::verbose_file_reads' --forbid=unsafe_code '--warn=clippy::unimplemented' '--warn=clippy::todo' '--warn=clippy::rest_pat_in_fully_bound_structs' '--warn=clippy::ref_option_ref' '--warn=clippy::path_buf_push_overwrite' '--warn=clippy::needless_borrow' '--warn=clippy::mutex_atomic' '--warn=clippy::mem_forget' '--warn=clippy::lossy_float_literal' '--warn=clippy::get_unwrap' '--warn=clippy::float_cmp_const' '--warn=clippy::filetype_is_file' '--warn=clippy::dbg_macro' --test --check-cfg 'cfg(docsrs,test)' --check-cfg 'cfg(feature, values())' -C metadata=83c514c16b68c3d4 -C extra-filename=-5529ccc54efa790b --out-dir /private/var/folders/jb/19ss9ry1019f1sz5_2x3dkt80000gn/T/cargo-mutants-WinStack_Network_v1-L8HS8b.tmp/target/debug/deps -C incremental=/private/var/folders/jb/19ss9ry1019f1sz5_2x3dkt80000gn/T/cargo-mutants-WinStack_Network_v1-L8HS8b.tmp/target/debug/incremental -L dependency=/private/var/folders/jb/19ss9ry1019f1sz5_2x3dkt80000gn/T/cargo-mutants-WinStack_Network_v1-L8HS8b.tmp/target/debug/deps`
     Running `/Users/thekingflame/.rustup/toolchains/stable-aarch64-apple-darwin/bin/rustc --crate-name win_format --edition=2021 crates/win-format/src/lib.rs --error-format=json --json=diagnostic-rendered-ansi,artifacts,future-incompat --crate-type lib --emit=dep-info,metadata,link -C embed-bitcode=no -C debuginfo=2 -C split-debuginfo=unpacked --warn=rust_2018_idioms '--warn=clippy::all' '--warn=clippy::verbose_file_reads' --forbid=unsafe_code '--warn=clippy::unimplemented' '--warn=clippy::todo' '--warn=clippy::rest_pat_in_fully_bound_structs' '--warn=clippy::ref_option_ref' '--warn=clippy::path_buf_push_overwrite' '--warn=clippy::needless_borrow' '--warn=clippy::mutex_atomic' '--warn=clippy::mem_forget' '--warn=clippy::lossy_float_literal' '--warn=clippy::get_unwrap' '--warn=clippy::float_cmp_const' '--warn=clippy::filetype_is_file' '--warn=clippy::dbg_macro' --check-cfg 'cfg(docsrs,test)' --check-cfg 'cfg(feature, values())' -C metadata=f02034940a548b83 -C extra-filename=-0b2a13ed6987f58a --out-dir /private/var/folders/jb/19ss9ry1019f1sz5_2x3dkt80000gn/T/cargo-mutants-WinStack_Network_v1-L8HS8b.tmp/target/debug/deps -C incremental=/private/var/folders/jb/19ss9ry1019f1sz5_2x3dkt80000gn/T/cargo-mutants-WinStack_Network_v1-L8HS8b.tmp/target/debug/incremental -L dependency=/private/var/folders/jb/19ss9ry1019f1sz5_2x3dkt80000gn/T/cargo-mutants-WinStack_Network_v1-L8HS8b.tmp/target/debug/deps`
     Running `/Users/thekingflame/.rustup/toolchains/stable-aarch64-apple-darwin/bin/rustc --crate-name adversarial_corpus --edition=2021 crates/win-format/tests/adversarial_corpus.rs --error-format=json --json=diagnostic-rendered-ansi,artifacts,future-incompat --emit=dep-info,link -C embed-bitcode=no -C debuginfo=2 -C split-debuginfo=unpacked --warn=rust_2018_idioms '--warn=clippy::all' '--warn=clippy::verbose_file_reads' --forbid=unsafe_code '--warn=clippy::unimplemented' '--warn=clippy::todo' '--warn=clippy::rest_pat_in_fully_bound_structs' '--warn=clippy::ref_option_ref' '--warn=clippy::path_buf_push_overwrite' '--warn=clippy::needless_borrow' '--warn=clippy::mutex_atomic' '--warn=clippy::mem_forget' '--warn=clippy::lossy_float_literal' '--warn=clippy::get_unwrap' '--warn=clippy::float_cmp_const' '--warn=clippy::filetype_is_file' '--warn=clippy::dbg_macro' --test --check-cfg 'cfg(docsrs,test)' --check-cfg 'cfg(feature, values())' -C metadata=b0da027d6d9f86e6 -C extra-filename=-34466c797aec78b9 --out-dir /private/var/folders/jb/19ss9ry1019f1sz5_2x3dkt80000gn/T/cargo-mutants-WinStack_Network_v1-L8HS8b.tmp/target/debug/deps -C incremental=/private/var/folders/jb/19ss9ry1019f1sz5_2x3dkt80000gn/T/cargo-mutants-WinStack_Network_v1-L8HS8b.tmp/target/debug/incremental -L dependency=/private/var/folders/jb/19ss9ry1019f1sz5_2x3dkt80000gn/T/cargo-mutants-WinStack_Network_v1-L8HS8b.tmp/target/debug/deps --extern win_format=/private/var/folders/jb/19ss9ry1019f1sz5_2x3dkt80000gn/T/cargo-mutants-WinStack_Network_v1-L8HS8b.tmp/target/debug/deps/libwin_format-0b2a13ed6987f58a.rlib`
     Running `/Users/thekingflame/.rustup/toolchains/stable-aarch64-apple-darwin/bin/rustc --crate-name tamper_grid --edition=2021 crates/win-format/tests/tamper_grid.rs --error-format=json --json=diagnostic-rendered-ansi,artifacts,future-incompat --emit=dep-info,link -C embed-bitcode=no -C debuginfo=2 -C split-debuginfo=unpacked --warn=rust_2018_idioms '--warn=clippy::all' '--warn=clippy::verbose_file_reads' --forbid=unsafe_code '--warn=clippy::unimplemented' '--warn=clippy::todo' '--warn=clippy::rest_pat_in_fully_bound_structs' '--warn=clippy::ref_option_ref' '--warn=clippy::path_buf_push_overwrite' '--warn=clippy::needless_borrow' '--warn=clippy::mutex_atomic' '--warn=clippy::mem_forget' '--warn=clippy::lossy_float_literal' '--warn=clippy::get_unwrap' '--warn=clippy::float_cmp_const' '--warn=clippy::filetype_is_file' '--warn=clippy::dbg_macro' --test --check-cfg 'cfg(docsrs,test)' --check-cfg 'cfg(feature, values())' -C metadata=84f4ab88c10230c6 -C extra-filename=-4e5d5ddf6f091ecd --out-dir /private/var/folders/jb/19ss9ry1019f1sz5_2x3dkt80000gn/T/cargo-mutants-WinStack_Network_v1-L8HS8b.tmp/target/debug/deps -C incremental=/private/var/folders/jb/19ss9ry1019f1sz5_2x3dkt80000gn/T/cargo-mutants-WinStack_Network_v1-L8HS8b.tmp/target/debug/incremental -L dependency=/private/var/folders/jb/19ss9ry1019f1sz5_2x3dkt80000gn/T/cargo-mutants-WinStack_Network_v1-L8HS8b.tmp/target/debug/deps --extern win_format=/private/var/folders/jb/19ss9ry1019f1sz5_2x3dkt80000gn/T/cargo-mutants-WinStack_Network_v1-L8HS8b.tmp/target/debug/deps/libwin_format-0b2a13ed6987f58a.rlib`
    Finished `test` profile [unoptimized + debuginfo] target(s) in 0.25s
  Executable `/private/var/folders/jb/19ss9ry1019f1sz5_2x3dkt80000gn/T/cargo-mutants-WinStack_Network_v1-L8HS8b.tmp/target/debug/deps/win_format-5529ccc54efa790b`
  Executable `/private/var/folders/jb/19ss9ry1019f1sz5_2x3dkt80000gn/T/cargo-mutants-WinStack_Network_v1-L8HS8b.tmp/target/debug/deps/adversarial_corpus-34466c797aec78b9`
  Executable `/private/var/folders/jb/19ss9ry1019f1sz5_2x3dkt80000gn/T/cargo-mutants-WinStack_Network_v1-L8HS8b.tmp/target/debug/deps/tamper_grid-4e5d5ddf6f091ecd`

*** result: Success

*** /Users/thekingflame/.rustup/toolchains/stable-aarch64-apple-darwin/bin/cargo test --verbose --package=win-format@0.1.0
       Fresh win-format v0.1.0 (/private/var/folders/jb/19ss9ry1019f1sz5_2x3dkt80000gn/T/cargo-mutants-WinStack_Network_v1-L8HS8b.tmp/crates/win-format)
    Finished `test` profile [unoptimized + debuginfo] target(s) in 0.04s
     Running `/private/var/folders/jb/19ss9ry1019f1sz5_2x3dkt80000gn/T/cargo-mutants-WinStack_Network_v1-L8HS8b.tmp/target/debug/deps/win_format-5529ccc54efa790b`

running 25 tests
test tests::bad_magic_is_container_damage ... ok
test tests::bad_magic_rejected ... ok
test tests::binary_content_preserved ... ok
test tests::content_change_is_not_container_damage ... ok
test tests::empty_file_works ... ok
test tests::empty_data_rejected ... ok
test tests::error_messages_are_descriptive ... ok
test tests::impossible_file_length_is_container_damage ... ok
test tests::integer_overflow_file_len ... ok
test tests::is_win_detects_correctly ... ok
test tests::missing_proof_section_is_container_damage ... ok
test tests::null_bytes_in_filename_rejected ... ok
test tests::null_filename_is_container_damage ... ok
test tests::pack_unpack_roundtrip ... ok
test tests::path_separators_stripped ... ok
test tests::path_traversal_filename_sanitized_not_damaged ... ok
test tests::path_traversal_stripped ... ok
test tests::large_file ... ok
test tests::truncated_filename_is_container_damage ... ok
test tests::truncated_header_is_container_damage ... ok
test tests::truncated_file_region_rejected ... FAILED
test tests::unpack_then_repack_identical ... ok
test tests::truncated_payload_is_container_damage ... FAILED
test tests::windows_path_traversal_stripped ... ok
test tests::filename_length_capped ... ok

failures:

---- tests::truncated_file_region_rejected stdout ----

thread 'tests::truncated_file_region_rejected' (9048264) panicked at crates/win-format/src/lib.rs:120:9:
index out of bounds: the len is 16 but the index is 16
note: run with `RUST_BACKTRACE=1` environment variable to display a backtrace

---- tests::truncated_payload_is_container_damage stdout ----

thread 'tests::truncated_payload_is_container_damage' (9048267) panicked at crates/win-format/src/lib.rs:124:9:
index out of bounds: the len is 20 but the index is 20


failures:
    tests::truncated_file_region_rejected
    tests::truncated_payload_is_container_damage

test result: FAILED. 23 passed; 2 failed; 0 ignored; 0 measured; 0 filtered out; finished in 0.00s

error: test failed, to rerun pass `-p win-format --lib`

*** result: Failure(101)
