
*** crates/win-format/src/lib.rs:202:5: replace sanitize_filename -> String with "xyzzy".into()

*** mutation diff:
--- crates/win-format/src/lib.rs
+++ replace sanitize_filename -> String with "xyzzy".into()
@@ -194,17 +194,17 @@
 
 /// Check if data starts with .win magic bytes.
 pub fn is_win_file(data: &[u8]) -> bool {
     data.len() >= 4 && &data[0..4] == MAGIC
 }
 
 /// Strip path separators from filename.
 fn sanitize_filename(name: &str) -> String {
-    name.rsplit(['/', '\\']).next().unwrap_or(name).to_string()
+    "xyzzy".into() /* ~ changed by cargo-mutants ~ */
 }
 
 #[cfg(test)]
 mod tests {
     use super::*;
 
     #[test]
     fn pack_unpack_roundtrip() {


*** /Users/thekingflame/.rustup/toolchains/stable-aarch64-apple-darwin/bin/cargo test --no-run --verbose --package=win-format@0.1.0
       Dirty win-format v0.1.0 (/private/var/folders/jb/19ss9ry1019f1sz5_2x3dkt80000gn/T/cargo-mutants-WinStack_Network_v1-MFlWx3.tmp/crates/win-format): the file `crates/win-format/src/lib.rs` has changed (1777839584.867043683s, 582672497ns after last build at 1777839584.284371186s)
   Compiling win-format v0.1.0 (/private/var/folders/jb/19ss9ry1019f1sz5_2x3dkt80000gn/T/cargo-mutants-WinStack_Network_v1-MFlWx3.tmp/crates/win-format)
     Running `/Users/thekingflame/.rustup/toolchains/stable-aarch64-apple-darwin/bin/rustc --crate-name win_format --edition=2021 crates/win-format/src/lib.rs --error-format=json --json=diagnostic-rendered-ansi,artifacts,future-incompat --emit=dep-info,link -C embed-bitcode=no -C debuginfo=2 -C split-debuginfo=unpacked --warn=rust_2018_idioms '--warn=clippy::all' '--warn=clippy::verbose_file_reads' --forbid=unsafe_code '--warn=clippy::unimplemented' '--warn=clippy::todo' '--warn=clippy::rest_pat_in_fully_bound_structs' '--warn=clippy::ref_option_ref' '--warn=clippy::path_buf_push_overwrite' '--warn=clippy::needless_borrow' '--warn=clippy::mutex_atomic' '--warn=clippy::mem_forget' '--warn=clippy::lossy_float_literal' '--warn=clippy::get_unwrap' '--warn=clippy::float_cmp_const' '--warn=clippy::filetype_is_file' '--warn=clippy::dbg_macro' --test --check-cfg 'cfg(docsrs,test)' --check-cfg 'cfg(feature, values())' -C metadata=83c514c16b68c3d4 -C extra-filename=-5529ccc54efa790b --out-dir /private/var/folders/jb/19ss9ry1019f1sz5_2x3dkt80000gn/T/cargo-mutants-WinStack_Network_v1-MFlWx3.tmp/target/debug/deps -C incremental=/private/var/folders/jb/19ss9ry1019f1sz5_2x3dkt80000gn/T/cargo-mutants-WinStack_Network_v1-MFlWx3.tmp/target/debug/incremental -L dependency=/private/var/folders/jb/19ss9ry1019f1sz5_2x3dkt80000gn/T/cargo-mutants-WinStack_Network_v1-MFlWx3.tmp/target/debug/deps`
     Running `/Users/thekingflame/.rustup/toolchains/stable-aarch64-apple-darwin/bin/rustc --crate-name win_format --edition=2021 crates/win-format/src/lib.rs --error-format=json --json=diagnostic-rendered-ansi,artifacts,future-incompat --crate-type lib --emit=dep-info,metadata,link -C embed-bitcode=no -C debuginfo=2 -C split-debuginfo=unpacked --warn=rust_2018_idioms '--warn=clippy::all' '--warn=clippy::verbose_file_reads' --forbid=unsafe_code '--warn=clippy::unimplemented' '--warn=clippy::todo' '--warn=clippy::rest_pat_in_fully_bound_structs' '--warn=clippy::ref_option_ref' '--warn=clippy::path_buf_push_overwrite' '--warn=clippy::needless_borrow' '--warn=clippy::mutex_atomic' '--warn=clippy::mem_forget' '--warn=clippy::lossy_float_literal' '--warn=clippy::get_unwrap' '--warn=clippy::float_cmp_const' '--warn=clippy::filetype_is_file' '--warn=clippy::dbg_macro' --check-cfg 'cfg(docsrs,test)' --check-cfg 'cfg(feature, values())' -C metadata=f02034940a548b83 -C extra-filename=-0b2a13ed6987f58a --out-dir /private/var/folders/jb/19ss9ry1019f1sz5_2x3dkt80000gn/T/cargo-mutants-WinStack_Network_v1-MFlWx3.tmp/target/debug/deps -C incremental=/private/var/folders/jb/19ss9ry1019f1sz5_2x3dkt80000gn/T/cargo-mutants-WinStack_Network_v1-MFlWx3.tmp/target/debug/incremental -L dependency=/private/var/folders/jb/19ss9ry1019f1sz5_2x3dkt80000gn/T/cargo-mutants-WinStack_Network_v1-MFlWx3.tmp/target/debug/deps`
warning: unused variable: `name`
   --> crates/win-format/src/lib.rs:201:22
    |
201 | fn sanitize_filename(name: &str) -> String {
    |                      ^^^^ help: if this is intentional, prefix it with an underscore: `_name`
    |
    = note: `#[warn(unused_variables)]` (part of `#[warn(unused)]`) on by default

warning: `win-format` (lib) generated 1 warning (run `cargo fix --lib -p win-format` to apply 1 suggestion)
     Running `/Users/thekingflame/.rustup/toolchains/stable-aarch64-apple-darwin/bin/rustc --crate-name tamper_grid --edition=2021 crates/win-format/tests/tamper_grid.rs --error-format=json --json=diagnostic-rendered-ansi,artifacts,future-incompat --emit=dep-info,link -C embed-bitcode=no -C debuginfo=2 -C split-debuginfo=unpacked --warn=rust_2018_idioms '--warn=clippy::all' '--warn=clippy::verbose_file_reads' --forbid=unsafe_code '--warn=clippy::unimplemented' '--warn=clippy::todo' '--warn=clippy::rest_pat_in_fully_bound_structs' '--warn=clippy::ref_option_ref' '--warn=clippy::path_buf_push_overwrite' '--warn=clippy::needless_borrow' '--warn=clippy::mutex_atomic' '--warn=clippy::mem_forget' '--warn=clippy::lossy_float_literal' '--warn=clippy::get_unwrap' '--warn=clippy::float_cmp_const' '--warn=clippy::filetype_is_file' '--warn=clippy::dbg_macro' --test --check-cfg 'cfg(docsrs,test)' --check-cfg 'cfg(feature, values())' -C metadata=84f4ab88c10230c6 -C extra-filename=-4e5d5ddf6f091ecd --out-dir /private/var/folders/jb/19ss9ry1019f1sz5_2x3dkt80000gn/T/cargo-mutants-WinStack_Network_v1-MFlWx3.tmp/target/debug/deps -C incremental=/private/var/folders/jb/19ss9ry1019f1sz5_2x3dkt80000gn/T/cargo-mutants-WinStack_Network_v1-MFlWx3.tmp/target/debug/incremental -L dependency=/private/var/folders/jb/19ss9ry1019f1sz5_2x3dkt80000gn/T/cargo-mutants-WinStack_Network_v1-MFlWx3.tmp/target/debug/deps --extern win_format=/private/var/folders/jb/19ss9ry1019f1sz5_2x3dkt80000gn/T/cargo-mutants-WinStack_Network_v1-MFlWx3.tmp/target/debug/deps/libwin_format-0b2a13ed6987f58a.rlib`
     Running `/Users/thekingflame/.rustup/toolchains/stable-aarch64-apple-darwin/bin/rustc --crate-name adversarial_corpus --edition=2021 crates/win-format/tests/adversarial_corpus.rs --error-format=json --json=diagnostic-rendered-ansi,artifacts,future-incompat --emit=dep-info,link -C embed-bitcode=no -C debuginfo=2 -C split-debuginfo=unpacked --warn=rust_2018_idioms '--warn=clippy::all' '--warn=clippy::verbose_file_reads' --forbid=unsafe_code '--warn=clippy::unimplemented' '--warn=clippy::todo' '--warn=clippy::rest_pat_in_fully_bound_structs' '--warn=clippy::ref_option_ref' '--warn=clippy::path_buf_push_overwrite' '--warn=clippy::needless_borrow' '--warn=clippy::mutex_atomic' '--warn=clippy::mem_forget' '--warn=clippy::lossy_float_literal' '--warn=clippy::get_unwrap' '--warn=clippy::float_cmp_const' '--warn=clippy::filetype_is_file' '--warn=clippy::dbg_macro' --test --check-cfg 'cfg(docsrs,test)' --check-cfg 'cfg(feature, values())' -C metadata=b0da027d6d9f86e6 -C extra-filename=-34466c797aec78b9 --out-dir /private/var/folders/jb/19ss9ry1019f1sz5_2x3dkt80000gn/T/cargo-mutants-WinStack_Network_v1-MFlWx3.tmp/target/debug/deps -C incremental=/private/var/folders/jb/19ss9ry1019f1sz5_2x3dkt80000gn/T/cargo-mutants-WinStack_Network_v1-MFlWx3.tmp/target/debug/incremental -L dependency=/private/var/folders/jb/19ss9ry1019f1sz5_2x3dkt80000gn/T/cargo-mutants-WinStack_Network_v1-MFlWx3.tmp/target/debug/deps --extern win_format=/private/var/folders/jb/19ss9ry1019f1sz5_2x3dkt80000gn/T/cargo-mutants-WinStack_Network_v1-MFlWx3.tmp/target/debug/deps/libwin_format-0b2a13ed6987f58a.rlib`
warning: `win-format` (lib test) generated 1 warning (1 duplicate)
    Finished `test` profile [unoptimized + debuginfo] target(s) in 0.30s
  Executable `/private/var/folders/jb/19ss9ry1019f1sz5_2x3dkt80000gn/T/cargo-mutants-WinStack_Network_v1-MFlWx3.tmp/target/debug/deps/win_format-5529ccc54efa790b`
  Executable `/private/var/folders/jb/19ss9ry1019f1sz5_2x3dkt80000gn/T/cargo-mutants-WinStack_Network_v1-MFlWx3.tmp/target/debug/deps/adversarial_corpus-34466c797aec78b9`
  Executable `/private/var/folders/jb/19ss9ry1019f1sz5_2x3dkt80000gn/T/cargo-mutants-WinStack_Network_v1-MFlWx3.tmp/target/debug/deps/tamper_grid-4e5d5ddf6f091ecd`

*** result: Success

*** /Users/thekingflame/.rustup/toolchains/stable-aarch64-apple-darwin/bin/cargo test --verbose --package=win-format@0.1.0
warning: unused variable: `name`
   --> crates/win-format/src/lib.rs:201:22
    |
201 | fn sanitize_filename(name: &str) -> String {
    |                      ^^^^ help: if this is intentional, prefix it with an underscore: `_name`
    |
    = note: `#[warn(unused_variables)]` (part of `#[warn(unused)]`) on by default

warning: `win-format` (lib) generated 1 warning (run `cargo fix --lib -p win-format` to apply 1 suggestion)
       Fresh win-format v0.1.0 (/private/var/folders/jb/19ss9ry1019f1sz5_2x3dkt80000gn/T/cargo-mutants-WinStack_Network_v1-MFlWx3.tmp/crates/win-format)
warning: `win-format` (lib test) generated 1 warning (1 duplicate)
    Finished `test` profile [unoptimized + debuginfo] target(s) in 0.04s
     Running `/private/var/folders/jb/19ss9ry1019f1sz5_2x3dkt80000gn/T/cargo-mutants-WinStack_Network_v1-MFlWx3.tmp/target/debug/deps/win_format-5529ccc54efa790b`

running 25 tests
test tests::bad_magic_rejected ... ok
test tests::bad_magic_is_container_damage ... ok
test tests::binary_content_preserved ... ok
test tests::content_change_is_not_container_damage ... ok
test tests::empty_data_rejected ... ok
test tests::error_messages_are_descriptive ... ok
test tests::impossible_file_length_is_container_damage ... ok
test tests::integer_overflow_file_len ... ok
test tests::empty_file_works ... FAILED
test tests::is_win_detects_correctly ... ok
test tests::missing_proof_section_is_container_damage ... ok
test tests::null_bytes_in_filename_rejected ... ok
test tests::null_filename_is_container_damage ... ok
test tests::pack_unpack_roundtrip ... FAILED
test tests::path_separators_stripped ... FAILED
test tests::truncated_file_region_rejected ... ok
test tests::path_traversal_filename_sanitized_not_damaged ... FAILED
test tests::path_traversal_stripped ... FAILED
test tests::truncated_filename_is_container_damage ... ok
test tests::truncated_header_is_container_damage ... ok
test tests::large_file ... FAILED
test tests::truncated_payload_is_container_damage ... ok
test tests::unpack_then_repack_identical ... ok
test tests::filename_length_capped ... ok
test tests::windows_path_traversal_stripped ... FAILED

failures:

---- tests::empty_file_works stdout ----

thread 'tests::empty_file_works' (9136264) panicked at crates/win-format/src/lib.rs:256:9:
assertion `left == right` failed
  left: "xyzzy"
 right: "empty.txt"
note: run with `RUST_BACKTRACE=1` environment variable to display a backtrace

---- tests::pack_unpack_roundtrip stdout ----

thread 'tests::pack_unpack_roundtrip' (9136274) panicked at crates/win-format/src/lib.rs:213:9:
assertion `left == right` failed
  left: "xyzzy"
 right: "test.pdf"

---- tests::path_separators_stripped stdout ----

thread 'tests::path_separators_stripped' (9136275) panicked at crates/win-format/src/lib.rs:247:9:
assertion `left == right` failed
  left: "xyzzy"
 right: "file.pdf"

---- tests::path_traversal_filename_sanitized_not_damaged stdout ----

thread 'tests::path_traversal_filename_sanitized_not_damaged' (9136276) panicked at crates/win-format/src/lib.rs:421:9:
assertion `left == right` failed
  left: "xyzzy"
 right: "passwd"

---- tests::path_traversal_stripped stdout ----

thread 'tests::path_traversal_stripped' (9136277) panicked at crates/win-format/src/lib.rs:285:9:
assertion `left == right` failed
  left: "xyzzy"
 right: "passwd"

---- tests::large_file stdout ----

thread 'tests::large_file' (9136270) panicked at crates/win-format/src/lib.rs:266:9:
assertion `left == right` failed
  left: "xyzzy"
 right: "big.bin"

---- tests::windows_path_traversal_stripped stdout ----

thread 'tests::windows_path_traversal_stripped' (9136283) panicked at crates/win-format/src/lib.rs:294:9:
assertion `left == right` failed
  left: "xyzzy"
 right: "evil.exe"


failures:
    tests::empty_file_works
    tests::large_file
    tests::pack_unpack_roundtrip
    tests::path_separators_stripped
    tests::path_traversal_filename_sanitized_not_damaged
    tests::path_traversal_stripped
    tests::windows_path_traversal_stripped

test result: FAILED. 18 passed; 7 failed; 0 ignored; 0 measured; 0 filtered out; finished in 0.00s

error: test failed, to rerun pass `-p win-format --lib`

*** result: Failure(101)
